// Jest Snapshot v1, https://goo.gl/fbAQLP

exports[`renders homepage unchanged 1`] = `
<div>
  <li
    class="listItem"
  >
    <div
      class="justify-center items-center"
    >
      <div
        class="justify-center items-center"
      >
        <div
          class="flex flex-col"
        >
          <div />
          
        </div>
      </div>
      <a
        href="/blog/2022/this-is-a-test"
      >
        This is a Test
      </a>
    </div>
    <br />
    <small
      class="subpreview"
    >
      
      <time
        datetime="2022-11-25"
      >
        November 25, 2022
      </time>
    </small>
    <p />
    <a
      class="readMoreLink"
      href="/blog/2022/this-is-a-test"
    >
      Read More â€”&gt;
    </a>
  </li>
</div>
`;
