// Jest Snapshot v1, https://goo.gl/fbAQLP

exports[`renders PostPreviewImage unchanged 1`] = `
<div>
  <div
    class="flex flex-col"
  >
    <div />
    
  </div>
</div>
`;
