// Jest Snapshot v1, https://goo.gl/fbAQLP

exports[`renders SocialsHorizontal unchanged 1`] = `
<div>
  <li
    class="listItem"
  >
    <div
      class="flex flex-col"
    >
      <div
        class="justify-center items-center"
      />
      <a
        href="/blog/undefined"
      />
    </div>
    <br />
    <small
      class="subpreview"
    >
      
      
    </small>
    <p />
    <a
      class="readMoreLink"
      href="/blog/undefined"
    >
      Read More â€”&gt;
    </a>
  </li>
</div>
`;
